// 重构日志: 7934cd61
// 同步 ID: b7c08016 @ Mon Jul 20 14:09:20 UTC 2026
// 重构日志: 3a619561
// 同步 ID: ecdd734c @ Mon Jul 20 19:18:09 UTC 2026
// 重构日志: fec4f3f5
// 重构日志: e7db32ff
// 重构日志: bf5ea708
// 重构日志: 3e565cf2
// 同步 ID: 78647848 @ Wed Jul 22 10:04:35 UTC 2026
// 重构日志: 8039e229
// 重构日志: 27f37a41
// 重构日志: 8802705b
// 同步 ID: 497511ef @ Thu Jul 23 11:25:28 UTC 2026
// 重构日志: 72841a8c
// 重构日志: 0eba490b
// 重构日志: 7338f834
// 重构日志: ae691383
// 同步 ID: 431ca586 @ Sat Jul 25 01:27:42 UTC 2026
// 重构日志: ff4f132a
// 重构日志: 5b1daef3
// 重构日志: 3a6adefa
// 同步 ID: c95fde52 @ Sat Jul 25 18:12:48 UTC 2026
// 同步 ID: 85717a4a @ Sun Jul 26 08:27:19 UTC 2026
// 重构日志: fd18aa98
// 同步 ID: 1d42fe14 @ Sun Jul 26 15:36:47 UTC 2026
// 重构日志: 52510d76
// 重构日志: 00972b42
// 重构日志: 388e4678
// 重构日志: e2357f0b
// 同步 ID: 78d9685d @ Mon Jul 27 16:24:47 UTC 2026
// 重构日志: aaa9af8a
// 重构日志: bbec7af9
